// Jest Snapshot v1, https://goo.gl/fbAQLP

exports[`Panel screen component should render correctly 1`] = `
<View
  style={
    Object {
      "backgroundColor": "white",
      "borderColor": "gainsboro",
      "borderRadius": 4,
      "borderWidth": 1,
      "justifyContent": "center",
      "padding": 20,
    }
  }
>
  <Text
    accessible={true}
    allowFontScaling={true}
    ellipsizeMode="tail"
  >
    Berlin
  </Text>
  <Text
    accessible={true}
    allowFontScaling={true}
    ellipsizeMode="tail"
  >
    temperature: 
    testtemperature
  </Text>
  <Text
    accessible={true}
    allowFontScaling={true}
    ellipsizeMode="tail"
  >
    wind: 
    testwindDirection
     / 
    testwindSpeed
  </Text>
  <Text
    accessible={true}
    allowFontScaling={true}
    ellipsizeMode="tail"
  >
    humidity: 
    testhumidity
  </Text>
  <Text
    accessible={true}
    allowFontScaling={true}
    ellipsizeMode="tail"
  >
    precipitation: 
    testprecipitation
  </Text>
</View>
`;
